src/components/courses/CourseLearning.tsx(173,25): error TS18048: 'lesson.content.video' is possibly 'undefined'.
src/components/courses/CourseLearning.tsx(173,46): error TS2339: Property 'thumbnail' does not exist on type '{ url: string; publicId: string; duration: number; }'.
