src/controllers/consultation.controller.ts(26,23): error TS1127: Invalid character.
src/controllers/consultation.controller.ts(26,24): error TS1134: Variable declaration expected.
src/controllers/consultation.controller.ts(183,1): error TS1005: '}' expected.
src/controllers/consultation.controller.ts(183,1): error TS1160: Unterminated template literal.
src/services/calendar.service.ts(29,16): error TS1127: Invalid character.
src/services/calendar.service.ts(29,17): error TS1136: Property assignment expected.
src/services/calendar.service.ts(64,1): error TS1160: Unterminated template literal.
